
> tanstack-start-db-electric-starter@0.1.0 build /Users/neshivam/Downloads/Archive/my-electric-app
> vite build

vite v7.3.6 building client environment for production...
transforming...
node_modules/.pnpm/zod@4.5.4/node_modules/zod/v4/core/util.js (330:0): A comment

"// Wrapped in a `@__PURE__` IIFE: esbuild never tree-shakes a top-level initializer that contains a member access on `Number`, so the bare object literal survived into every bundle."

in "node_modules/.pnpm/zod@4.5.4/node_modules/zod/v4/core/util.js" contains an annotation that Rollup cannot interpret due to the position of the comment. The comment will be removed to avoid issues.
node_modules/.pnpm/zod@4.5.4/node_modules/zod/v4/core/regexes.js (70:0): A comment

"/** Anchors a pattern source. The interpolation lives here rather than at the call site because
 * esbuild will not drop a `@__PURE__` call whose own argument interpolates a variable, but it
 * will drop `anchor(dateSource)`. Keeping it inline pinned `date` into every bundle. */"

in "node_modules/.pnpm/zod@4.5.4/node_modules/zod/v4/core/regexes.js" contains an annotation that Rollup cannot interpret due to the position of the comment. The comment will be removed to avoid issues.
✓ 1795 modules transformed.
rendering chunks...
computing gzip size...
.output/public/assets/opfs-worker-uyjx5Rus-C7ET1XBj.js      1,698.34 kB
.output/public/assets/login-2Ezuf94y.css                        1.61 kB │ gzip:   0.67 kB
.output/public/assets/index-GaOrOFMH.css                        8.59 kB │ gzip:   1.94 kB
.output/public/assets/index-CVtNCPUo.css                        8.87 kB │ gzip:   1.83 kB
.output/public/assets/styles-lWZLutL3.css                       9.41 kB │ gzip:   2.53 kB
.output/public/assets/dynamic-overlap-context-BLHQjury.css     21.78 kB │ gzip:   2.43 kB
.output/public/assets/index-COkTuBDX.css                       25.93 kB │ gzip:   3.38 kB
.output/public/assets/internal-Ctod_HLJ.css                    32.10 kB │ gzip:   4.16 kB
.output/public/assets/throttle-BfxIq2l7.css                    53.63 kB │ gzip:   6.76 kB
.output/public/assets/index-Cv-Pl4zS.css                       66.08 kB │ gzip:   7.22 kB
.output/public/assets/index-CE98IKk2.css                       84.50 kB │ gzip:   8.29 kB
.output/public/assets/_authenticated-t__V5oWn.css             180.01 kB │ gzip:  19.75 kB
.output/public/assets/index-CFc-3Ybj.css                      185.33 kB │ gzip: 138.45 kB
.output/public/assets/index-CEI1GuTi.css                      226.73 kB │ gzip:  31.65 kB
.output/public/assets/index-J6V7XChU.css                      230.64 kB │ gzip:  13.09 kB
.output/public/assets/index-B2qhfTBP.js                         0.28 kB │ gzip:   0.20 kB
.output/public/assets/index-D3W4ueaS.js                         0.54 kB │ gzip:   0.34 kB
.output/public/assets/index-V85HhX2P.js                         0.55 kB │ gzip:   0.39 kB
.output/public/assets/_authenticated-CTyNBXsz.js                0.69 kB │ gzip:   0.41 kB
.output/public/assets/index-BHEFXo01.js                         1.02 kB │ gzip:   0.50 kB
.output/public/assets/index-DWTqHmxL.js                         1.27 kB │ gzip:   0.58 kB
.output/public/assets/index-Cehwr9q1.js                         2.28 kB │ gzip:   0.99 kB
.output/public/assets/index-BeU07VX4.js                         2.49 kB │ gzip:   1.23 kB
.output/public/assets/_projectId-BMBjkVUR.js                    4.08 kB │ gzip:   1.68 kB
.output/public/assets/index-Bi6Xq0Is.js                         4.46 kB │ gzip:   1.59 kB
.output/public/assets/dynamic-overlap-context-DCwx-lIe.js       4.84 kB │ gzip:   1.97 kB
.output/public/assets/login-D3ftH13l.js                         5.76 kB │ gzip:   2.39 kB
.output/public/assets/index-DthwQZJQ.js                         8.46 kB │ gzip:   3.17 kB
.output/public/assets/_projectId-BciKa_GJ.js                    8.82 kB │ gzip:   3.44 kB
.output/public/assets/index-BRReJEu0.js                        17.65 kB │ gzip:   5.39 kB
.output/public/assets/internal-C9t_14f2.js                     24.76 kB │ gzip:   7.69 kB
.output/public/assets/index-BxpAsrfp.js                        26.13 kB │ gzip:   7.52 kB
.output/public/assets/index-DekpOFmr.js                        30.45 kB │ gzip:   8.04 kB
.output/public/assets/demo-large-B9wjUMO6.js                   43.15 kB │ gzip:  13.77 kB
.output/public/assets/throttle-CgJvox5m.js                     62.52 kB │ gzip:  18.61 kB
.output/public/assets/index-DtUUMLu3.js                        66.64 kB │ gzip:  21.20 kB
.output/public/assets/index-C3jf0GZG.js                        75.67 kB │ gzip:  18.85 kB
.output/public/assets/useLiveQuery-Bp8gu6_D.js                108.06 kB │ gzip:  32.14 kB
.output/public/assets/index-DaGHohSp.js                       122.49 kB │ gzip:  36.66 kB
.output/public/assets/index-BS7Dv25q.js                       193.19 kB │ gzip:  47.90 kB
.output/public/assets/_authenticated-0VZB17Kp.js              272.74 kB │ gzip:  76.76 kB
.output/public/assets/index-xjGyzKXM.js                     1,049.23 kB │ gzip: 296.28 kB

(!) Some chunks are larger than 500 kB after minification. Consider:
- Using dynamic import() to code-split the application
- Use build.rollupOptions.output.manualChunks to improve chunking: https://rollupjs.org/configuration-options/#output-manualchunks
- Adjust chunk size limit for this warning via build.chunkSizeWarningLimit.
✓ built in 4.87s
vite v7.3.6 building ssr environment for production...
transforming...
node_modules/.pnpm/zod@4.5.4/node_modules/zod/v4/core/util.js (330:0): A comment

"// Wrapped in a `@__PURE__` IIFE: esbuild never tree-shakes a top-level initializer that contains a member access on `Number`, so the bare object literal survived into every bundle."

in "node_modules/.pnpm/zod@4.5.4/node_modules/zod/v4/core/util.js" contains an annotation that Rollup cannot interpret due to the position of the comment. The comment will be removed to avoid issues.
node_modules/.pnpm/zod@4.5.4/node_modules/zod/v4/core/regexes.js (70:0): A comment

"/** Anchors a pattern source. The interpolation lives here rather than at the call site because
 * esbuild will not drop a `@__PURE__` call whose own argument interpolates a variable, but it
 * will drop `anchor(dateSource)`. Keeping it inline pinned `date` into every bundle. */"

in "node_modules/.pnpm/zod@4.5.4/node_modules/zod/v4/core/regexes.js" contains an annotation that Rollup cannot interpret due to the position of the comment. The comment will be removed to avoid issues.
✓ 916 modules transformed.
rendering chunks...
node_modules/.nitro/vite/services/ssr/assets/styles-lWZLutL3.css                               9.41 kB
node_modules/.nitro/vite/services/ssr/assets/index-CFc-3Ybj.css                              185.33 kB
node_modules/.nitro/vite/services/ssr/assets/empty-plugin-adapters-BFgPZ6_d.js                 0.13 kB
node_modules/.nitro/vite/services/ssr/assets/core_false-CfOp-JY-.js                            0.15 kB
node_modules/.nitro/vite/services/ssr/assets/kysely-migration-tables-DFfmKhq--CnuJoF5B.js      0.19 kB
node_modules/.nitro/vite/services/ssr/assets/server-DGytuptI.js                                0.46 kB
node_modules/.nitro/vite/services/ssr/assets/index-Bc11sdV0.js                                 0.82 kB
node_modules/.nitro/vite/services/ssr/assets/start-BmrQzd1v.js                                 1.12 kB
node_modules/.nitro/vite/services/ssr/assets/index-BnV_Cizo.js                                 1.44 kB
node_modules/.nitro/vite/services/ssr/assets/_authenticated-BSwtqCMk.js                        1.66 kB
node_modules/.nitro/vite/services/ssr/assets/_tanstack-start-manifest_v-mG_6gpj0.js            3.87 kB
node_modules/.nitro/vite/services/ssr/assets/index-21j0KUrI.js                                 3.87 kB
node_modules/.nitro/vite/services/ssr/assets/login-B0hWJ71y.js                                 4.29 kB
node_modules/.nitro/vite/services/ssr/assets/bun-sqlite-dialect-C7ftEUSI-Dt6eHFq2.js           5.20 kB
node_modules/.nitro/vite/services/ssr/assets/node-sqlite-dialect-D_NG50Ap.js                   5.21 kB
node_modules/.nitro/vite/services/ssr/assets/_authenticated-iLV0bkkm.js                        5.70 kB
node_modules/.nitro/vite/services/ssr/assets/d1-sqlite-dialect-D4qp4-wW-lM_bvLd6.js            5.81 kB
node_modules/.nitro/vite/services/ssr/assets/_projectId-DO0dF_JG.js                            8.09 kB
node_modules/.nitro/vite/services/ssr/assets/index-Dd_EOV29.js                                14.00 kB
node_modules/.nitro/vite/services/ssr/assets/_projectId-BC-Xjwqy.js                           14.46 kB
node_modules/.nitro/vite/services/ssr/assets/demo-large-Be-WQeDw.js                           27.88 kB
node_modules/.nitro/vite/services/ssr/server.js                                              225.26 kB
node_modules/.nitro/vite/services/ssr/assets/router-CU530Smu.js                            2,345.02 kB
✓ built in 2.72s

[nitro] ◐ Building [Nitro] (preset: node-server, compatibility: 2026-09-21)
[nitro] ✔ Generated public .output/public
vite v7.3.6 building nitro environment for production...
transforming...
✓ 1598 modules transformed.
rendering chunks...
.output/server/chunks/_/empty-plugin-adapters-BFgPZ6_d.mjs                 0.13 kB
.output/server/chunks/_/core_false-CfOp-JY-.mjs                            0.15 kB
.output/server/chunks/_/kysely-migration-tables-DFfmKhq--CnuJoF5B.mjs      0.19 kB
.output/server/chunks/_/index4.mjs                                         0.47 kB
.output/server/chunks/_/start-BmrQzd1v.mjs                                 1.10 kB
.output/server/chunks/_/index12.mjs                                        1.25 kB
.output/server/chunks/_/index.mjs                                          1.53 kB
.output/server/chunks/_/index-BnV_Cizo.mjs                                 1.63 kB
.output/server/chunks/_/_authenticated-BSwtqCMk.mjs                        2.17 kB
.output/server/chunks/_/index6.mjs                                         2.19 kB
.output/server/chunks/_/_tanstack-start-manifest_v-mG_6gpj0.mjs            3.87 kB
.output/server/chunks/_/index10.mjs                                        4.60 kB
.output/server/chunks/_/bun-sqlite-dialect-C7ftEUSI-Dt6eHFq2.mjs           5.29 kB
.output/server/chunks/_/index-21j0KUrI.mjs                                 5.29 kB
.output/server/chunks/_/node-sqlite-dialect-D_NG50Ap.mjs                   5.30 kB
.output/server/chunks/_/d1-sqlite-dialect-D4qp4-wW-lM_bvLd6.mjs            5.89 kB
.output/server/chunks/_/index5.mjs                                         7.82 kB
.output/server/chunks/_/_projectId-DO0dF_JG.mjs                            8.49 kB
.output/server/chunks/_/dynamic-overlap-context.mjs                        9.21 kB
.output/server/chunks/_/login-B0hWJ71y.mjs                                12.68 kB
.output/server/chunks/_/index-Dd_EOV29.mjs                                14.09 kB
.output/server/chunks/_/_projectId-BC-Xjwqy.mjs                           16.73 kB
.output/server/chunks/_/index11.mjs                                       18.26 kB
.output/server/chunks/_/index2.mjs                                        24.25 kB
.output/server/chunks/_/demo-large-Be-WQeDw.mjs                           28.04 kB
.output/server/chunks/_/index8.mjs                                        34.06 kB
.output/server/chunks/_/internal.mjs                                      48.37 kB
.output/server/index.mjs                                                  62.21 kB
.output/server/chunks/_/throttle.mjs                                     124.58 kB
.output/server/chunks/_/index9.mjs                                       138.07 kB
.output/server/chunks/_/server.mjs                                       224.45 kB
.output/server/chunks/_/index7.mjs                                       246.01 kB
.output/server/chunks/_/index3.mjs                                       315.79 kB
.output/server/chunks/_/_authenticated-iLV0bkkm.mjs                      573.14 kB
.output/server/chunks/_/router-CU530Smu.mjs                            2,345.87 kB
✓ built in 7.73s
ℹ Generated .output/nitro.json

[nitro] ✔ You can preview this build using node .output/server/index.mjs
